c:\users\luki2\documents\studia\iii sem\programowanie_obiektowe\cw8_szkola\moje\szkola\szkola\x64\debug\vc143.pdb
c:\users\luki2\documents\studia\iii sem\programowanie_obiektowe\cw8_szkola\moje\szkola\szkola\x64\debug\vc143.idb
c:\users\luki2\documents\studia\iii sem\programowanie_obiektowe\cw8_szkola\moje\szkola\szkola\x64\debug\worker.obj
c:\users\luki2\documents\studia\iii sem\programowanie_obiektowe\cw8_szkola\moje\szkola\szkola\x64\debug\teacher.obj
c:\users\luki2\documents\studia\iii sem\programowanie_obiektowe\cw8_szkola\moje\szkola\szkola\x64\debug\szkolaexception.obj
c:\users\luki2\documents\studia\iii sem\programowanie_obiektowe\cw8_szkola\moje\szkola\szkola\x64\debug\szkola.obj
c:\users\luki2\documents\studia\iii sem\programowanie_obiektowe\cw8_szkola\moje\szkola\szkola\x64\debug\schoolgirl.obj
c:\users\luki2\documents\studia\iii sem\programowanie_obiektowe\cw8_szkola\moje\szkola\szkola\x64\debug\schoolboy.obj
c:\users\luki2\documents\studia\iii sem\programowanie_obiektowe\cw8_szkola\moje\szkola\szkola\x64\debug\pupil.obj
c:\users\luki2\documents\studia\iii sem\programowanie_obiektowe\cw8_szkola\moje\szkola\szkola\x64\debug\person.obj
c:\users\luki2\documents\studia\iii sem\programowanie_obiektowe\cw8_szkola\moje\szkola\szkola\x64\debug\admin.obj
c:\users\luki2\documents\studia\iii sem\programowanie_obiektowe\cw8_szkola\moje\szkola\x64\debug\szkola.exe
c:\users\luki2\documents\studia\iii sem\programowanie_obiektowe\cw8_szkola\moje\szkola\x64\debug\szkola.pdb
c:\users\luki2\documents\studia\iii sem\programowanie_obiektowe\cw8_szkola\moje\szkola\szkola\x64\debug\szkola.ilk
c:\users\luki2\documents\studia\iii sem\programowanie_obiektowe\cw8_szkola\moje\szkola\szkola\x64\debug\szkola.tlog\cl.command.1.tlog
c:\users\luki2\documents\studia\iii sem\programowanie_obiektowe\cw8_szkola\moje\szkola\szkola\x64\debug\szkola.tlog\cl.items.tlog
c:\users\luki2\documents\studia\iii sem\programowanie_obiektowe\cw8_szkola\moje\szkola\szkola\x64\debug\szkola.tlog\cl.read.1.tlog
c:\users\luki2\documents\studia\iii sem\programowanie_obiektowe\cw8_szkola\moje\szkola\szkola\x64\debug\szkola.tlog\cl.write.1.tlog
c:\users\luki2\documents\studia\iii sem\programowanie_obiektowe\cw8_szkola\moje\szkola\szkola\x64\debug\szkola.tlog\link.command.1.tlog
c:\users\luki2\documents\studia\iii sem\programowanie_obiektowe\cw8_szkola\moje\szkola\szkola\x64\debug\szkola.tlog\link.read.1.tlog
c:\users\luki2\documents\studia\iii sem\programowanie_obiektowe\cw8_szkola\moje\szkola\szkola\x64\debug\szkola.tlog\link.secondary.1.tlog
c:\users\luki2\documents\studia\iii sem\programowanie_obiektowe\cw8_szkola\moje\szkola\szkola\x64\debug\szkola.tlog\link.write.1.tlog
